2026-09-26T18:46:45.209-07:00  INFO 19072 --- [AnimalRegistration] [restartedMain] leSchneiderAnimalRegistrationApplication : Starting KindleSchneiderAnimalRegistrationApplication using Java 24.0.2 with PID 19072 (C:\Users\kmile\Documents\school mcc\homework\spring 2026\homework\KindleSchneider-AnimalRegistration\target\classes started by kmile in C:\Users\kmile\Documents\school mcc\homework\spring 2026\homework\KindleSchneider-AnimalRegistration)
2026-09-26T18:46:45.211-07:00  INFO 19072 --- [AnimalRegistration] [restartedMain] leSchneiderAnimalRegistrationApplication : No active profile set, falling back to 1 default profile: "default"
2026-09-26T18:46:45.239-07:00  INFO 19072 --- [AnimalRegistration] [restartedMain] .e.DevToolsPropertyDefaultsPostProcessor : Devtools property defaults active! Set 'spring.devtools.add-properties' to 'false' to disable
2026-09-26T18:46:45.239-07:00  INFO 19072 --- [AnimalRegistration] [restartedMain] .e.DevToolsPropertyDefaultsPostProcessor : For additional web related logging consider setting the 'logging.level.web' property to 'DEBUG'
2026-09-26T18:46:45.613-07:00  INFO 19072 --- [AnimalRegistration] [restartedMain] .s.d.r.c.RepositoryConfigurationDelegate : Bootstrapping Spring Data JPA repositories in DEFAULT mode.
2026-09-26T18:46:45.649-07:00  INFO 19072 --- [AnimalRegistration] [restartedMain] .s.d.r.c.RepositoryConfigurationDelegate : Finished Spring Data repository scanning in 25 ms. Found 1 JPA repository interface.
2026-09-26T18:46:45.945-07:00  INFO 19072 --- [AnimalRegistration] [restartedMain] o.s.boot.tomcat.TomcatWebServer          : Tomcat initialized with port 8080 (http)
2026-09-26T18:46:45.954-07:00  INFO 19072 --- [AnimalRegistration] [restartedMain] o.apache.catalina.core.StandardService   : Starting service [Tomcat]
2026-09-26T18:46:45.954-07:00  INFO 19072 --- [AnimalRegistration] [restartedMain] o.apache.catalina.core.StandardEngine    : Starting Servlet engine: [Apache Tomcat/11.0.24]
2026-09-26T18:46:45.979-07:00  INFO 19072 --- [AnimalRegistration] [restartedMain] b.w.c.s.WebApplicationContextInitializer : Root WebApplicationContext: initialization completed in 740 ms
2026-09-26T18:46:46.080-07:00  INFO 19072 --- [AnimalRegistration] [restartedMain] org.hibernate.orm.jpa                    : HHH008540: Processing PersistenceUnitInfo [name: default]
2026-09-26T18:46:46.116-07:00  INFO 19072 --- [AnimalRegistration] [restartedMain] org.hibernate.orm.core                   : HHH000001: Hibernate ORM core version 7.4.5.Final
2026-09-26T18:46:46.407-07:00  INFO 19072 --- [AnimalRegistration] [restartedMain] o.s.o.j.p.SpringPersistenceUnitInfo      : No LoadTimeWeaver setup: ignoring JPA class transformer
2026-09-26T18:46:46.429-07:00  INFO 19072 --- [AnimalRegistration] [restartedMain] com.zaxxer.hikari.HikariDataSource       : HikariPool-1 - Starting...
2026-09-26T18:46:46.550-07:00  INFO 19072 --- [AnimalRegistration] [restartedMain] com.zaxxer.hikari.pool.HikariPool        : HikariPool-1 - Added connection conn0: url=jdbc:h2:file:./data/animal-registration user=ADMIN
2026-09-26T18:46:46.551-07:00  INFO 19072 --- [AnimalRegistration] [restartedMain] com.zaxxer.hikari.HikariDataSource       : HikariPool-1 - Start completed.
2026-09-26T18:46:46.588-07:00  INFO 19072 --- [AnimalRegistration] [restartedMain] org.hibernate.orm.connections.pooling    : HHH10001005: Database info:
	Database JDBC URL [jdbc:h2:file:./data/animal-registration]
	Database driver: H2 JDBC Driver
	Database dialect: H2Dialect
	Database version: 2.4.240
	Default catalog/schema: ANIMAL-REGISTRATION/PUBLIC
	Autocommit mode: undefined/unknown
	Isolation level: READ_COMMITTED [default READ_COMMITTED]
	JDBC fetch size: 100
	Pool: DataSourceConnectionProvider
	Minimum pool size: undefined/unknown
	Maximum pool size: undefined/unknown
2026-09-26T18:46:47.141-07:00  INFO 19072 --- [AnimalRegistration] [restartedMain] org.hibernate.orm.core                   : HHH000489: No JTA platform available (set 'hibernate.transaction.jta.platform' to enable JTA platform integration)
2026-09-26T18:46:47.178-07:00  INFO 19072 --- [AnimalRegistration] [restartedMain] j.LocalContainerEntityManagerFactoryBean : Initialized JPA EntityManagerFactory for persistence unit 'default'
2026-09-26T18:46:47.223-07:00  WARN 19072 --- [AnimalRegistration] [restartedMain] JpaBaseConfiguration$JpaWebConfiguration : spring.jpa.open-in-view is enabled by default. Therefore, database queries may be performed during view rendering. Explicitly configure spring.jpa.open-in-view to disable this warning
2026-09-26T18:46:47.441-07:00  INFO 19072 --- [AnimalRegistration] [restartedMain] o.s.d.j.r.query.QueryEnhancerFactories   : Hibernate is in classpath; If applicable, HQL parser will be used.
2026-09-26T18:46:47.511-07:00  INFO 19072 --- [AnimalRegistration] [restartedMain] o.s.b.h.a.H2ConsoleAutoConfiguration     : H2 console available at '/h2-console'. Database available at 'jdbc:h2:file:./data/animal-registration'
2026-09-26T18:46:47.549-07:00  INFO 19072 --- [AnimalRegistration] [restartedMain] o.s.boot.tomcat.TomcatWebServer          : Tomcat started on port 8080 (http) with context path '/'
2026-09-26T18:46:47.553-07:00  INFO 19072 --- [AnimalRegistration] [restartedMain] leSchneiderAnimalRegistrationApplication : Started KindleSchneiderAnimalRegistrationApplication in 2.649 seconds (process running for 3.098)
2026-09-26T18:47:34.684-07:00  INFO 19072 --- [AnimalRegistration] [SpringApplicationShutdownHook] o.s.boot.tomcat.GracefulShutdown         : Commencing graceful shutdown. Waiting for active requests to complete
2026-09-26T18:47:34.686-07:00  INFO 19072 --- [AnimalRegistration] [tomcat-shutdown] o.s.boot.tomcat.GracefulShutdown         : Graceful shutdown complete
2026-09-26T18:47:34.688-07:00  INFO 19072 --- [AnimalRegistration] [SpringApplicationShutdownHook] j.LocalContainerEntityManagerFactoryBean : Closing JPA EntityManagerFactory for persistence unit 'default'
2026-09-26T18:47:34.690-07:00  INFO 19072 --- [AnimalRegistration] [SpringApplicationShutdownHook] com.zaxxer.hikari.HikariDataSource       : HikariPool-1 - Shutdown initiated...
2026-09-26T18:47:34.691-07:00  INFO 19072 --- [AnimalRegistration] [SpringApplicationShutdownHook] com.zaxxer.hikari.HikariDataSource       : HikariPool-1 - Shutdown completed.
